// Jest Snapshot v1, https://goo.gl/fbAQLP

exports[`Pruebas en <PokemonGridItem /> debe de mostrar el componente correctamente 1`] = `
<div
  className="card animate__animated animate__fadeIn"
>
  <img
    alt="un titulo"
    src="https://localhost/algo.jpg"
  />
  <p>
    # 
  </p>
  <p>
    Un titulo
  </p>
</div>
`;
